2026-09-30 11:06:13 | [INFO   ] | Логгер успешно сконфигурирован
2026-09-30 11:06:13 | [INFO   ] | Приложение запущено
2026-09-30 11:06:52 | [INFO   ] | Логгер успешно сконфигурирован
2026-09-30 11:06:52 | [INFO   ] | Приложение запущено
2026-09-30 11:06:52 | [INFO   ] | === Демонстрация Варианта 1: треугольник ===
2026-09-30 11:06:52 | [INFO   ] | Запрос: A='10', B='10', C='10'
2026-09-30 11:06:52 | [DEBUG  ] | Стороны успешно распознаны: a=10.0, b=10.0, c=10.0
2026-09-30 11:06:52 | [DEBUG  ] | Определён вид треугольника: равносторонний
2026-09-30 11:06:52 | [DEBUG  ] | Координаты вершин (масштаб 1.0000): [(0, 0), (10, 0), (5, 9)]
2026-09-30 11:06:52 | [INFO   ] | Результат: тип='равносторонний', координаты=[(0, 0), (10, 0), (5, 9)]
2026-09-30 11:06:52 | [INFO   ] | Запрос: A='5', B='5', C='8'
2026-09-30 11:06:52 | [DEBUG  ] | Стороны успешно распознаны: a=5.0, b=5.0, c=8.0
2026-09-30 11:06:52 | [DEBUG  ] | Определён вид треугольника: равнобедренный
2026-09-30 11:06:52 | [DEBUG  ] | Координаты вершин (масштаб 1.0000): [(0, 0), (8, 0), (4, 3)]
2026-09-30 11:06:52 | [INFO   ] | Результат: тип='равнобедренный', координаты=[(0, 0), (8, 0), (4, 3)]
2026-09-30 11:06:52 | [INFO   ] | Запрос: A='3', B='4', C='5'
2026-09-30 11:06:52 | [DEBUG  ] | Стороны успешно распознаны: a=3.0, b=4.0, c=5.0
2026-09-30 11:06:52 | [DEBUG  ] | Определён вид треугольника: разносторонний
2026-09-30 11:06:52 | [DEBUG  ] | Координаты вершин (масштаб 1.0000): [(0, 0), (5, 0), (2, 2)]
2026-09-30 11:06:52 | [INFO   ] | Результат: тип='разносторонний', координаты=[(0, 0), (5, 0), (2, 2)]
2026-09-30 11:06:52 | [INFO   ] | Запрос: A='1', B='2', C='10'
2026-09-30 11:06:52 | [DEBUG  ] | Стороны успешно распознаны: a=1.0, b=2.0, c=10.0
2026-09-30 11:06:52 | [WARNING] | Нарушено неравенство треугольника: 1.0, 2.0, 10.0
2026-09-30 11:06:52 | [INFO   ] | Результат: тип='не треугольник', координаты=[(-1, -1), (-1, -1), (-1, -1)]
2026-09-30 11:06:52 | [INFO   ] | Запрос: A='-5', B='3', C='4'
2026-09-30 11:06:52 | [DEBUG  ] | Стороны успешно распознаны: a=-5.0, b=3.0, c=4.0
2026-09-30 11:06:52 | [WARNING] | Сторона не является положительным числом
2026-09-30 11:06:52 | [INFO   ] | Результат: тип='не треугольник', координаты=[(-1, -1), (-1, -1), (-1, -1)]
2026-09-30 11:06:52 | [INFO   ] | Запрос: A='abc', B='3', C='4'
2026-09-30 11:06:52 | [ERROR  ] | Входные данные не являются вещественными числами
2026-09-30 11:06:52 | [INFO   ] | Результат: тип='', координаты=[(-2, -2), (-2, -2), (-2, -2)]
2026-09-30 11:07:11 | [INFO   ] | Логгер успешно сконфигурирован
2026-09-30 11:07:11 | [INFO   ] | Приложение запущено
2026-09-30 11:07:12 | [INFO   ] | === Демонстрация Варианта 1: треугольник ===
2026-09-30 11:07:12 | [INFO   ] | Запрос: A='10', B='10', C='10'
2026-09-30 11:07:12 | [DEBUG  ] | Стороны успешно распознаны: a=10.0, b=10.0, c=10.0
2026-09-30 11:07:12 | [DEBUG  ] | Определён вид треугольника: равносторонний
2026-09-30 11:07:12 | [DEBUG  ] | Координаты вершин (масштаб 1.0000): [(0, 0), (10, 0), (5, 9)]
2026-09-30 11:07:12 | [INFO   ] | Результат: тип='равносторонний', координаты=[(0, 0), (10, 0), (5, 9)]
2026-09-30 11:07:12 | [INFO   ] | Запрос: A='5', B='5', C='8'
2026-09-30 11:07:12 | [DEBUG  ] | Стороны успешно распознаны: a=5.0, b=5.0, c=8.0
2026-09-30 11:07:12 | [DEBUG  ] | Определён вид треугольника: равнобедренный
2026-09-30 11:07:12 | [DEBUG  ] | Координаты вершин (масштаб 1.0000): [(0, 0), (8, 0), (4, 3)]
2026-09-30 11:07:12 | [INFO   ] | Результат: тип='равнобедренный', координаты=[(0, 0), (8, 0), (4, 3)]
2026-09-30 11:07:12 | [INFO   ] | Запрос: A='3', B='4', C='5'
2026-09-30 11:07:12 | [DEBUG  ] | Стороны успешно распознаны: a=3.0, b=4.0, c=5.0
2026-09-30 11:07:12 | [DEBUG  ] | Определён вид треугольника: разносторонний
2026-09-30 11:07:12 | [DEBUG  ] | Координаты вершин (масштаб 1.0000): [(0, 0), (5, 0), (2, 2)]
2026-09-30 11:07:12 | [INFO   ] | Результат: тип='разносторонний', координаты=[(0, 0), (5, 0), (2, 2)]
2026-09-30 11:07:12 | [INFO   ] | Запрос: A='1', B='2', C='10'
2026-09-30 11:07:12 | [DEBUG  ] | Стороны успешно распознаны: a=1.0, b=2.0, c=10.0
2026-09-30 11:07:12 | [WARNING] | Нарушено неравенство треугольника: 1.0, 2.0, 10.0
2026-09-30 11:07:12 | [INFO   ] | Результат: тип='не треугольник', координаты=[(-1, -1), (-1, -1), (-1, -1)]
2026-09-30 11:07:12 | [INFO   ] | Запрос: A='-5', B='3', C='4'
2026-09-30 11:07:12 | [DEBUG  ] | Стороны успешно распознаны: a=-5.0, b=3.0, c=4.0
2026-09-30 11:07:12 | [WARNING] | Сторона не является положительным числом
2026-09-30 11:07:12 | [INFO   ] | Результат: тип='не треугольник', координаты=[(-1, -1), (-1, -1), (-1, -1)]
2026-09-30 11:07:12 | [INFO   ] | Запрос: A='abc', B='3', C='4'
2026-09-30 11:07:12 | [ERROR  ] | Входные данные не являются вещественными числами
2026-09-30 11:07:12 | [INFO   ] | Результат: тип='', координаты=[(-2, -2), (-2, -2), (-2, -2)]
2026-09-30 11:07:12 | [INFO   ] | Приложение завершено
